ERRO (linha 3): syntax error pr√≥ximo de '1'
Iniciando parser...
LEXER: Token QUEBRA LINHA (/n)
LEXER: Token QUEBRA LINHA (/n)
LEXER: Token identificador (a)
LEXER: Token VIRGULA (,)
LEXER: Token INTEIRO (1)
Parsing interrompido por erro.
