ERRO (linha 1): syntax error pr√≥ximo de 'while'
LEXER: Token PALAVRA_CHAVE_WHILE (while)
Parsing interrompido por erro.
