ERRO (linha 1): syntax error pr√≥ximo de '-'
Iniciando parser...
LEXER: Token identificador (a)
LEXER: Token MENOS (-)
Parsing interrompido por erro.
