ERRO (linha 1): syntax error pr√≥ximo de 'for'
LEXER: Token PALAVRA_CHAVE_FOR (for)
Parsing interrompido por erro.
