ERRO (linha 1): syntax error pr√≥ximo de '='
Iniciando parser...
LEXER: Token identificador (a)
LEXER: Token IGUAL (=)
LEXER: Token INTEIRO (1)
LEXER: Token IGUAL (=)
Parsing interrompido por erro.
