ERRO (linha 1): syntax error pr√≥ximo de '('
Iniciando parser...
LEXER: Token identificador (a)
LEXER: Token IGUAL (=)
LEXER: Token ABRE PARENTESES (()
Parsing interrompido por erro.
