ERRO (linha 1): syntax error pr√≥ximo de '='
LEXER: Token INTEIRO (2)
LEXER: Token OPERADOR_ATRIBUICAO (=)
Parsing interrompido por erro.
