LEXER: Token IDENTIFICADOR (a)
LEXER: Token OPERADOR_ATRIBUICAO (=)
LEXER: Token INTEIRO (1)
LEXER: Token QUEBRA-DE-LINHA (\n)

LEXER: Token IDENTIFICADOR (b)
LEXER: Token OPERADOR_ATRIBUICAO (=)
LEXER: Token PALAVRA_CHAVE_FALSE (False)
LEXER: Token QUEBRA-DE-LINHA (\n)

LEXER: Token PALAVRA_CHAVE_IF (if)
LEXER: Token DELIMITADOR_ABRE_PARENTESES (()
LEXER: Token IDENTIFICADOR (a)
LEXER: Token DELIMITADOR_FECHA_PARENTESES ())
LEXER: Token DELIMITADOR_DOIS_PONTOS (:)
LEXER: Token QUEBRA-DE-LINHA (\n)

LEXER: INDENT (nível 1)
LEXER: Token PALAVRA_CHAVE_IF (if)
LEXER: Token DELIMITADOR_ABRE_PARENTESES (()
LEXER: Token IDENTIFICADOR (b)
LEXER: Token DELIMITADOR_FECHA_PARENTESES ())
LEXER: Token DELIMITADOR_DOIS_PONTOS (:)
LEXER: Token QUEBRA-DE-LINHA (\n)

LEXER: INDENT (nível 2)
LEXER: Token IDENTIFICADOR (print)
LEXER: Token DELIMITADOR_ABRE_PARENTESES (()
LEXER: Token DELIMITADOR_FECHA_PARENTESES ())
LEXER: Token QUEBRA-DE-LINHA (\n)

LEXER: DEDENT (nível 1)
LEXER: Token PALAVRA_CHAVE_ELSE (else)
LEXER: Token DELIMITADOR_DOIS_PONTOS (:)
LEXER: Token QUEBRA-DE-LINHA (\n)

LEXER: INDENT (nível 2)
LEXER: Token IDENTIFICADOR (print)
LEXER: Token DELIMITADOR_ABRE_PARENTESES (()
LEXER: Token DELIMITADOR_FECHA_PARENTESES ())
LEXER: Token QUEBRA-DE-LINHA (\n)

LEXER: DEDENT (nível 1)
LEXER: DEDENT (nível 0)
