LEXER: Token IDENTIFICADOR (inteiro)
LEXER: Token OPERADOR_ATRIBUICAO (=)
LEXER: Token INTEIRO (1)
LEXER: Token QUEBRA-DE-LINHA (\n)

LEXER: Token IDENTIFICADOR (flutuante)
LEXER: Token OPERADOR_ATRIBUICAO (=)
LEXER: Token FLOAT (2.013)
LEXER: Token QUEBRA-DE-LINHA (\n)

LEXER: Token IDENTIFICADOR (string)
LEXER: Token OPERADOR_ATRIBUICAO (=)
LEXER: Token QUEBRA-DE-LINHA (\n)

LEXER: Token IDENTIFICADOR (boolean)
LEXER: Token OPERADOR_ATRIBUICAO (=)
LEXER: Token PALAVRA_CHAVE_FALSE (False)
LEXER: Token QUEBRA-DE-LINHA (\n)

LEXER: Token IDENTIFICADOR (vetor)
LEXER: Token OPERADOR_ATRIBUICAO (=)
LEXER: Token DELIMITADOR_ABRE_COLCHETES ([)
LEXER: Token PALAVRA_CHAVE_FALSE (False)
LEXER: Token DELIMITADOR_VIRGULA (,)
LEXER: Token INTEIRO (1)
LEXER: Token DELIMITADOR_VIRGULA (,)
LEXER: Token FLOAT (2.1)
LEXER: Token DELIMITADOR_VIRGULA (,)
LEXER: Token DELIMITADOR_FECHA_COLCHETES (])
LEXER: Token QUEBRA-DE-LINHA (\n)

LEXER: Token IDENTIFICADOR (dict)
LEXER: Token OPERADOR_ATRIBUICAO (=)
LEXER: Token DELIMITADOR_ABRE_CHAVES ({)
LEXER: Token QUEBRA-DE-LINHA (\n)

LEXER: INDENT (nível 1)
LEXER: Token DELIMITADOR_DOIS_PONTOS (:)
LEXER: Token INTEIRO (1)
LEXER: Token DELIMITADOR_VIRGULA (,)
LEXER: Token QUEBRA-DE-LINHA (\n)

LEXER: Token DELIMITADOR_DOIS_PONTOS (:)
LEXER: Token FLOAT (2.013)
LEXER: Token DELIMITADOR_VIRGULA (,)
LEXER: Token QUEBRA-DE-LINHA (\n)

LEXER: Token DELIMITADOR_DOIS_PONTOS (:)
LEXER: Token PALAVRA_CHAVE_TRUE (True)
LEXER: Token DELIMITADOR_VIRGULA (,)
LEXER: Token QUEBRA-DE-LINHA (\n)

LEXER: Token DELIMITADOR_DOIS_PONTOS (:)
LEXER: Token QUEBRA-DE-LINHA (\n)

LEXER: DEDENT (nível 0)
LEXER: Token DELIMITADOR_FECHA_CHAVES (})
LEXER: Token QUEBRA-DE-LINHA (\n)
