LEXER: Token IDENTIFICADOR (a)
LEXER: Token OPERADOR_ATRIBUICAO (=)
LEXER: Token INTEIRO (2)
LEXER: Token QUEBRA-DE-LINHA (\n)

LEXER: Token IDENTIFICADOR (b)
LEXER: Token OPERADOR_ATRIBUICAO (=)
LEXER: Token INTEIRO (2)
LEXER: Token QUEBRA-DE-LINHA (\n)

LEXER: Token PALAVRA_CHAVE_DEF (def)
LEXER: Token IDENTIFICADOR (soma)
LEXER: Token DELIMITADOR_ABRE_PARENTESES (()
LEXER: Token IDENTIFICADOR (a)
LEXER: Token DELIMITADOR_VIRGULA (,)
LEXER: Token IDENTIFICADOR (b)
LEXER: Token DELIMITADOR_FECHA_PARENTESES ())
LEXER: Token DELIMITADOR_DOIS_PONTOS (:)
LEXER: Token QUEBRA-DE-LINHA (\n)

LEXER: INDENT (nível 1)
LEXER: Token PALAVRA_CHAVE_RETURN (return)
LEXER: Token IDENTIFICADOR (a)
LEXER: Token OPERADOR_MAIS (+)
LEXER: Token IDENTIFICADOR (b)
LEXER: Token QUEBRA-DE-LINHA (\n)


LEXER: DEDENT (nível 0)
LEXER: Token IDENTIFICADOR (soma)
LEXER: Token DELIMITADOR_ABRE_PARENTESES (()
LEXER: Token IDENTIFICADOR (a)
LEXER: Token DELIMITADOR_VIRGULA (,)
LEXER: Token IDENTIFICADOR (b)
LEXER: Token DELIMITADOR_FECHA_PARENTESES ())
