LEXER: Token identificador (a)
LEXER: Token IGUAL (=)
LEXER: Token identificador (True)
LEXER: Token QUEBRA LINHA (/n)
LEXER: Token identificador (b)
LEXER: Token IGUAL (=)
LEXER: Token identificador (True)
LEXER: Token QUEBRA LINHA (/n)
LEXER: Token identificador (c)
LEXER: Token IGUAL (=)
LEXER: Token identificador (True)
LEXER: Token QUEBRA LINHA (/n)
LEXER: Token identificador (d)
LEXER: Token IGUAL (=)
LEXER: Token identificador (True)
LEXER: Token QUEBRA LINHA (/n)
LEXER: Token QUEBRA LINHA (/n)
LEXER: Token ABRE PARENTESES (()
LEXER: Token identificador (a)
LEXER: Token identificador (or)
LEXER: Token ABRE PARENTESES (()
LEXER: Token identificador (c)
LEXER: Token identificador (and)
LEXER: Token identificador (d)
LEXER: Token FECHA PARENTESES ())
LEXER: Token FECHA PARENTESES ())
LEXER: Token QUEBRA LINHA (/n)
LEXER: Token INDENT
LEXER: Token identificador (print)
LEXER: Token ABRE PARENTESES (()
LEXER: Token FECHA PARENTESES ())
LEXER: Token QUEBRA LINHA (/n)
LEXER: Token ABRE PARENTESES (()
LEXER: Token identificador (a)
LEXER: Token identificador (and)
LEXER: Token identificador (b)
LEXER: Token FECHA PARENTESES ())
LEXER: Token QUEBRA LINHA (/n)
LEXER: Token identificador (print)
LEXER: Token ABRE PARENTESES (()
LEXER: Token FECHA PARENTESES ())
LEXER: Token QUEBRA LINHA (/n)
LEXER: Token QUEBRA LINHA (/n)
LEXER: Token identificador (print)
LEXER: Token ABRE PARENTESES (()
LEXER: Token FECHA PARENTESES ())
LEXER: Token QUEBRA LINHA (/n)
